******************************************************************************
                  TI ARM Linker PC v20.2.7                     
******************************************************************************
>> Linked Wed Apr 29 19:38:24 2026

OUTPUT FILE NAME:   <MISSION_BOSS.out>
ENTRY POINT SYMBOL: "_c_int00_noargs"  address: 0000096d


MEMORY CONFIGURATION

         name            origin    length      used     unused   attr    fill
----------------------  --------  ---------  --------  --------  ----  --------
  FLASH                 00000000   00100000  00000a0a  000ff5f6  R  X
  SRAM                  20000000   00040000  00000208  0003fdf8  RW X


SEGMENT ALLOCATION MAP

run origin  load origin   length   init length attrs members
----------  ----------- ---------- ----------- ----- -------
00000000    00000000    00000a0c   00000a0c    r-x
  00000000    00000000    00000208   00000208    r-- .intvecs
  00000208    00000208    000007e6   000007e6    r-x .text
  000009f0    000009f0    0000001c   0000001c    r-- .cinit
20000000    20000000    00000208   00000000    rw-
  20000000    20000000    00000200   00000000    rw- .stack
  20000200    20000200    00000008   00000000    rw- .data


SECTION ALLOCATION MAP

 output                                  attributes/
section   page    origin      length       input sections
--------  ----  ----------  ----------   ----------------
.intvecs   0    00000000    00000208     
                  00000000    00000208     tm4c1294ncpdt_startup_ccs.obj (.intvecs)

.text      0    00000208    000007e6     
                  00000208    000002ac     UART.obj (.text)
                  000004b4    0000022c     NVIC.obj (.text)
                  000006e0    0000010c     GPIO.obj (.text)
                  000007ec    0000009c     rtsv7M4_T_le_v4SPD16_eabi.lib : memcpy_t2.asm.obj (.text)
                  00000888    00000068                                   : copy_decompress_lzss.c.obj (.text:decompress:lzss:__TI_decompress_lzss)
                  000008f0    00000044                                   : autoinit.c.obj (.text:__TI_auto_init_nobinit_nopinit:__TI_auto_init_nobinit_nopinit)
                  00000934    00000038     SysTick.obj (.text)
                  0000096c    00000034     rtsv7M4_T_le_v4SPD16_eabi.lib : boot_cortex_m.c.obj (.text:_c_int00_noargs:_c_int00_noargs)
                  000009a0    0000002c     main.obj (.text)
                  000009cc    0000000e     rtsv7M4_T_le_v4SPD16_eabi.lib : copy_decompress_none.c.obj (.text:decompress:none:__TI_decompress_none)
                  000009da    0000000c     tm4c1294ncpdt_startup_ccs.obj (.text)
                  000009e6    00000004     rtsv7M4_T_le_v4SPD16_eabi.lib : pre_init.c.obj (.text:_system_pre_init)
                  000009ea    00000004                                   : exit.c.obj (.text:abort:abort)

.cinit     0    000009f0    0000001c     
                  000009f0    0000000a     (.cinit..data.load) [load image, compression = lzss]
                  000009fa    00000002     --HOLE-- [fill = 0]
                  000009fc    00000008     (__TI_handler_table)
                  00000a04    00000008     (__TI_cinit_table)

.init_array 
*          0    00000000    00000000     UNINITIALIZED

.data      0    20000200    00000008     UNINITIALIZED
                  20000200    00000008     main.obj (.data)

.stack     0    20000000    00000200     UNINITIALIZED
                  20000000    00000004     rtsv7M4_T_le_v4SPD16_eabi.lib : boot_cortex_m.c.obj (.stack)
                  20000004    000001fc     --HOLE--

__llvm_prf_cnts 
*          0    20000000    00000000     UNINITIALIZED

MODULE SUMMARY

       Module                          code   ro data   rw data
       ------                          ----   -------   -------
    .\
       UART.obj                        684    0         0      
       NVIC.obj                        556    0         0      
       tm4c1294ncpdt_startup_ccs.obj   12     520       0      
       GPIO.obj                        268    0         0      
       SysTick.obj                     56     0         0      
       main.obj                        44     0         8      
    +--+-------------------------------+------+---------+---------+
       Total:                          1620   520       8      
                                                               
    D:\ti\ccs1281\ccs\tools\compiler\ti-cgt-arm_20.2.7.LTS\lib\rtsv7M4_T_le_v4SPD16_eabi.lib
       memcpy_t2.asm.obj               156    0         0      
       copy_decompress_lzss.c.obj      104    0         0      
       autoinit.c.obj                  68     0         0      
       boot_cortex_m.c.obj             52     0         0      
       copy_decompress_none.c.obj      14     0         0      
       exit.c.obj                      4      0         0      
       pre_init.c.obj                  4      0         0      
    +--+-------------------------------+------+---------+---------+
       Total:                          402    0         0      
                                                               
       Stack:                          0      0         512    
       Linker Generated:               0      26        0      
    +--+-------------------------------+------+---------+---------+
       Grand Total:                    2022   546       520    


LINKER GENERATED COPY TABLES

__TI_cinit_table @ 00000a04 records: 1, size/record: 8, table size: 8
	.data: load addr=000009f0, load size=0000000a bytes, run addr=20000200, run size=00000008 bytes, compression=lzss


LINKER GENERATED HANDLER TABLE

__TI_handler_table @ 000009fc records: 2, size/record: 4, table size: 8
	index: 0, handler: __TI_decompress_lzss
	index: 1, handler: __TI_decompress_none


GLOBAL SYMBOLS: SORTED ALPHABETICALLY BY Name 

address   name                          
-------   ----                          
20000200  Bounce_Delay                  
000009eb  C$$EXIT                       
000006e1  GPIO_PortF_Init               
00000625  GPIO_PortJ_Handler            
00000709  GPIO_PortJ_Init               
00000783  GPIO_PortN_Init               
20000204  MODE                          
000009db  ResetISR                      
00000935  SysTick_Init_OneShot          
000004b5  UART0_Handler                 
00000209  UART0_Init                    
00000561  UART4_Handler                 
000002b9  UART4_Init                    
000005c3  UART7_Handler                 
00000369  UART7_Init                    
20000200  __STACK_END                   
00000200  __STACK_SIZE                  
20000200  __STACK_TOP                   
00000a04  __TI_CINIT_Base               
00000a0c  __TI_CINIT_Limit              
000009fc  __TI_Handler_Table_Base       
00000a04  __TI_Handler_Table_Limit      
000008f1  __TI_auto_init_nobinit_nopinit
00000889  __TI_decompress_lzss          
000009cd  __TI_decompress_none          
ffffffff  __TI_pprof_out_hndl           
ffffffff  __TI_prof_data_size           
ffffffff  __TI_prof_data_start          
00000000  __TI_static_base__            
000007ed  __aeabi_memcpy                
000007ed  __aeabi_memcpy4               
000007ed  __aeabi_memcpy8               
ffffffff  __binit__                     
ffffffff  __c_args__                    
UNDEFED   __mpu_init                    
20000000  __stack                       
20000000  __start___llvm_prf_cnts       
20000000  __stop___llvm_prf_cnts        
0000096d  _c_int00_noargs               
UNDEFED   _system_post_cinit            
000009e7  _system_pre_init              
000009eb  abort                         
ffffffff  binit                         
00000000  g_pfnVectors                  
000009a1  main                          
000007ed  memcpy                        


GLOBAL SYMBOLS: SORTED BY Symbol Address 

address   name                          
-------   ----                          
00000000  __TI_static_base__            
00000000  g_pfnVectors                  
00000200  __STACK_SIZE                  
00000209  UART0_Init                    
000002b9  UART4_Init                    
00000369  UART7_Init                    
000004b5  UART0_Handler                 
00000561  UART4_Handler                 
000005c3  UART7_Handler                 
00000625  GPIO_PortJ_Handler            
000006e1  GPIO_PortF_Init               
00000709  GPIO_PortJ_Init               
00000783  GPIO_PortN_Init               
000007ed  __aeabi_memcpy                
000007ed  __aeabi_memcpy4               
000007ed  __aeabi_memcpy8               
000007ed  memcpy                        
00000889  __TI_decompress_lzss          
000008f1  __TI_auto_init_nobinit_nopinit
00000935  SysTick_Init_OneShot          
0000096d  _c_int00_noargs               
000009a1  main                          
000009cd  __TI_decompress_none          
000009db  ResetISR                      
000009e7  _system_pre_init              
000009eb  C$$EXIT                       
000009eb  abort                         
000009fc  __TI_Handler_Table_Base       
00000a04  __TI_CINIT_Base               
00000a04  __TI_Handler_Table_Limit      
00000a0c  __TI_CINIT_Limit              
20000000  __stack                       
20000000  __start___llvm_prf_cnts       
20000000  __stop___llvm_prf_cnts        
20000200  Bounce_Delay                  
20000200  __STACK_END                   
20000200  __STACK_TOP                   
20000204  MODE                          
ffffffff  __TI_pprof_out_hndl           
ffffffff  __TI_prof_data_size           
ffffffff  __TI_prof_data_start          
ffffffff  __binit__                     
ffffffff  __c_args__                    
ffffffff  binit                         
UNDEFED   __mpu_init                    
UNDEFED   _system_post_cinit            

[46 symbols]
